[    0.000000] Linux version 4.15.0-140-generic (buildd@lgw01-amd64-054) (gcc version 7.5.0 (Ubuntu 7.5.0-3ubuntu1~18.04)) #144-Ubuntu SMP Fri Mar 19 14:12:35 UTC 2021 (Ubuntu 4.15.0-140.144-generic 4.15.18)
[    0.000000] Command line: BOOT_IMAGE=/boot/vmlinuz-4.15.0-140-generic root=LABEL=cloudimg-rootfs ro console=tty1 console=ttyS0
[    0.000000] KERNEL supported cpus:
[    0.000000]   Intel GenuineIntel
[    0.000000]   AMD AuthenticAMD
[    0.000000]   Centaur CentaurHauls
[    0.000000] x86/fpu: x87 FPU will use FXSAVE
[    0.000000] e820: BIOS-provided physical RAM map:
[    0.000000] BIOS-e820: [mem 0x0000000000000000-0x000000000009fbff] usable
[    0.000000] BIOS-e820: [mem 0x000000000009fc00-0x000000000009ffff] reserved
[    0.000000] BIOS-e820: [mem 0x00000000000f0000-0x00000000000fffff] reserved
[    0.000000] BIOS-e820: [mem 0x0000000000100000-0x000000003ffeffff] usable
[    0.000000] BIOS-e820: [mem 0x000000003fff0000-0x000000003fffffff] ACPI data
[    0.000000] BIOS-e820: [mem 0x00000000fec00000-0x00000000fec00fff] reserved
[    0.000000] BIOS-e820: [mem 0x00000000fee00000-0x00000000fee00fff] reserved
[    0.000000] BIOS-e820: [mem 0x00000000fffc0000-0x00000000ffffffff] reserved
[    0.000000] NX (Execute Disable) protection: active
[    0.000000] SMBIOS 2.5 present.
[    0.000000] DMI: innotek GmbH VirtualBox/VirtualBox, BIOS VirtualBox 12/01/2006
[    0.000000] Hypervisor detected: KVM
[    0.000000] e820: last_pfn = 0x3fff0 max_arch_pfn = 0x400000000
[    0.000000] MTRR: Disabled
[    0.000000] x86/PAT: MTRRs disabled, skipping PAT initialization too.
[    0.000000] CPU MTRRs all blank - virtualized system.
[    0.000000] x86/PAT: Configuration [0-7]: WB  WT  UC- UC  WB  WT  UC- UC  
[    0.000000] found SMP MP-table at [mem 0x0009fff0-0x0009ffff]
[    0.000000] Scanning 1 areas for low memory corruption
[    0.000000] RAMDISK: [mem 0x35a63000-0x36d28fff]
[    0.000000] ACPI: Early table checksum verification disabled
[    0.000000] ACPI: RSDP 0x00000000000E0000 000024 (v02 VBOX  )
[    0.000000] ACPI: XSDT 0x000000003FFF0030 00003C (v01 VBOX   VBOXXSDT 00000001 ASL  00000061)
[    0.000000] ACPI: FACP 0x000000003FFF00F0 0000F4 (v04 VBOX   VBOXFACP 00000001 ASL  00000061)
[    0.000000] ACPI: DSDT 0x000000003FFF0470 002325 (v02 VBOX   VBOXBIOS 00000002 INTL 20100528)
[    0.000000] ACPI: FACS 0x000000003FFF0200 000040
[    0.000000] ACPI: FACS 0x000000003FFF0200 000040
[    0.000000] ACPI: APIC 0x000000003FFF0240 00005C (v02 VBOX   VBOXAPIC 00000001 ASL  00000061)
[    0.000000] ACPI: SSDT 0x000000003FFF02A0 0001CC (v01 VBOX   VBOXCPUT 00000002 INTL 20100528)
[    0.000000] No NUMA configuration found
[    0.000000] Faking a node at [mem 0x0000000000000000-0x000000003ffeffff]
[    0.000000] NODE_DATA(0) allocated [mem 0x3ffc5000-0x3ffeffff]
[    0.000000] kvm-clock: cpu 0, msr 0:3ff44001, primary cpu clock
[    0.000000] kvm-clock: Using msrs 4b564d01 and 4b564d00
[    0.000000] kvm-clock: using sched offset of 6614135475 cycles
[    0.000000] clocksource: kvm-clock: mask: 0xffffffffffffffff max_cycles: 0x1cd42e4dffb, max_idle_ns: 881590591483 ns
[    0.000000] Zone ranges:
[    0.000000]   DMA      [mem 0x0000000000001000-0x0000000000ffffff]
[    0.000000]   DMA32    [mem 0x0000000001000000-0x000000003ffeffff]
[    0.000000]   Normal   empty
[    0.000000]   Device   empty
[    0.000000] Movable zone start for each node
[    0.000000] Early memory node ranges
[    0.000000]   node   0: [mem 0x0000000000001000-0x000000000009efff]
[    0.000000]   node   0: [mem 0x0000000000100000-0x000000003ffeffff]
[    0.000000] Reserved but unavailable: 98 pages
[    0.000000] Initmem setup node 0 [mem 0x0000000000001000-0x000000003ffeffff]
[    0.000000] ACPI: PM-Timer IO Port: 0x4008
[    0.000000] IOAPIC[0]: apic_id 2, version 32, address 0xfec00000, GSI 0-23
[    0.000000] ACPI: INT_SRC_OVR (bus 0 bus_irq 0 global_irq 2 dfl dfl)
[    0.000000] ACPI: INT_SRC_OVR (bus 0 bus_irq 9 global_irq 9 low level)
[    0.000000] Using ACPI (MADT) for SMP configuration information
[    0.000000] smpboot: Allowing 2 CPUs, 0 hotplug CPUs
[    0.000000] PM: Registered nosave memory: [mem 0x00000000-0x00000fff]
[    0.000000] PM: Registered nosave memory: [mem 0x0009f000-0x0009ffff]
[    0.000000] PM: Registered nosave memory: [mem 0x000a0000-0x000effff]
[    0.000000] PM: Registered nosave memory: [mem 0x000f0000-0x000fffff]
[    0.000000] e820: [mem 0x40000000-0xfebfffff] available for PCI devices
[    0.000000] Booting paravirtualized kernel on KVM
[    0.000000] clocksource: refined-jiffies: mask: 0xffffffff max_cycles: 0xffffffff, max_idle_ns: 7645519600211568 ns
[    0.000000] random: get_random_bytes called from start_kernel+0x99/0x500 with crng_init=0
[    0.000000] setup_percpu: NR_CPUS:8192 nr_cpumask_bits:2 nr_cpu_ids:2 nr_node_ids:1
[    0.000000] percpu: Embedded 45 pages/cpu s147456 r8192 d28672 u1048576
[    0.000000] PV qspinlock hash table entries: 256 (order: 0, 4096 bytes)
[    0.000000] Built 1 zonelists, mobility grouping on.  Total pages: 257913
[    0.000000] Policy zone: DMA32
[    0.000000] Kernel command line: BOOT_IMAGE=/boot/vmlinuz-4.15.0-140-generic root=LABEL=cloudimg-rootfs ro console=tty1 console=ttyS0
[    0.000000] Memory: 983020K/1048120K available (12300K kernel code, 2483K rwdata, 4276K rodata, 2440K init, 2724K bss, 65100K reserved, 0K cma-reserved)
[    0.000000] SLUB: HWalign=64, Order=0-3, MinObjects=0, CPUs=2, Nodes=1
[    0.000000] Kernel/User page tables isolation: enabled
[    0.000000] ftrace: allocating 39429 entries in 155 pages
[    0.004000] Hierarchical RCU implementation.
[    0.004000] 	RCU restricting CPUs from NR_CPUS=8192 to nr_cpu_ids=2.
[    0.004000] 	Tasks RCU enabled.
[    0.004000] RCU: Adjusting geometry for rcu_fanout_leaf=16, nr_cpu_ids=2
[    0.004000] NR_IRQS: 524544, nr_irqs: 440, preallocated irqs: 16
[    0.004000] Console: colour VGA+ 80x25
[    0.004000] console [tty1] enabled
[    0.004000] console [ttyS0] enabled
[    0.004000] ACPI: Core revision 20170831
[    0.004000] ACPI: 2 ACPI AML tables successfully acquired and loaded
[    0.004000] APIC: Switch to symmetric I/O mode setup
[    0.004000] ..TIMER: vector=0x30 apic1=0 pin1=2 apic2=-1 pin2=-1
[    0.004008] tsc: Detected 2303.998 MHz processor
[    0.008017] Calibrating delay loop (skipped) preset value.. 4607.99 BogoMIPS (lpj=9215992)
[    0.012009] pid_max: default: 32768 minimum: 301
[    0.020031] Security Framework initialized
[    0.024011] Yama: becoming mindful.
[    0.028157] AppArmor: AppArmor initialized
[    0.043496] Dentry cache hash table entries: 131072 (order: 8, 1048576 bytes)
[    0.048993] Inode-cache hash table entries: 65536 (order: 7, 524288 bytes)
[    0.052127] Mount-cache hash table entries: 2048 (order: 2, 16384 bytes)
[    0.056118] Mountpoint-cache hash table entries: 2048 (order: 2, 16384 bytes)
[    0.065672] Last level iTLB entries: 4KB 64, 2MB 8, 4MB 8
[    0.068008] Last level dTLB entries: 4KB 64, 2MB 0, 4MB 0, 1GB 4
[    0.072009] Spectre V1 : Mitigation: usercopy/swapgs barriers and __user pointer sanitization
[    0.076008] Spectre V2 : Mitigation: Full generic retpoline
[    0.084006] Spectre V2 : Spectre v2 / SpectreRSB mitigation: Filling RSB on context switch
[    0.088007] Speculative Store Bypass: Vulnerable
[    0.092067] MDS: Mitigation: Clear CPU buffers
[    0.096225] Freeing SMP alternatives memory: 36K
[    0.215583] smpboot: CPU0: Intel(R) Core(TM) i3-7020U CPU @ 2.30GHz (family: 0x6, model: 0x8e, stepping: 0xa)
[    0.216817] Performance Events: unsupported p6 CPU model 142 no PMU driver, software events only.
[    0.220205] Hierarchical SRCU implementation.
[    0.229179] NMI watchdog: Perf event create on CPU 0 failed with -2
[    0.232007] NMI watchdog: Perf NMI watchdog permanently disabled
[    0.236798] smp: Bringing up secondary CPUs ...
[    0.244325] x86: Booting SMP configuration:
[    0.248008] .... node  #0, CPUs:      #1
[    0.004000] kvm-clock: cpu 1, msr 0:3ff44041, secondary cpu clock
[    0.264000] TSC synchronization [CPU#0 -> CPU#1]:
[    0.264000] Measured 79145 cycles TSC warp between CPUs, turning off TSC clock.
[    0.264000] tsc: Marking TSC unstable due to check_tsc_sync_source failed
[    0.268407] smp: Brought up 1 node, 2 CPUs
[    0.272014] smpboot: Max logical packages: 1
[    0.276010] smpboot: Total of 2 processors activated (9215.99 BogoMIPS)
[    0.284141] devtmpfs: initialized
[    0.288177] x86/mm: Memory block size: 128MB
[    0.296191] evm: security.selinux
[    0.300006] evm: security.SMACK64
[    0.304007] evm: security.SMACK64EXEC
[    0.308006] evm: security.SMACK64TRANSMUTE
[    0.312008] evm: security.SMACK64MMAP
[    0.316006] evm: security.apparmor
[    0.320007] evm: security.ima
[    0.324010] evm: security.capability
[    0.332699] clocksource: jiffies: mask: 0xffffffff max_cycles: 0xffffffff, max_idle_ns: 7645041785100000 ns
[    0.336021] futex hash table entries: 512 (order: 3, 32768 bytes)
[    0.340493] pinctrl core: initialized pinctrl subsystem
[    0.344413] RTC time:  2:32:08, date: 04/12/21
[    0.350081] NET: Registered protocol family 16
[    0.352180] audit: initializing netlink subsys (disabled)
[    0.360240] audit: type=2000 audit(1618194734.941:1): state=initialized audit_enabled=0 res=1
[    0.376011] cpuidle: using governor ladder
[    0.380017] cpuidle: using governor menu
[    0.384066] ACPI: bus type PCI registered
[    0.388010] acpiphp: ACPI Hot Plug PCI Controller Driver version: 0.5
[    0.392751] PCI: Using configuration type 1 for base access
[    0.404988] HugeTLB registered 2.00 MiB page size, pre-allocated 0 pages
[    0.416453] ACPI: Added _OSI(Module Device)
[    0.420007] ACPI: Added _OSI(Processor Device)
[    0.424014] ACPI: Added _OSI(3.0 _SCP Extensions)
[    0.428014] ACPI: Added _OSI(Processor Aggregator Device)
[    0.432010] ACPI: Added _OSI(Linux-Dell-Video)
[    0.436012] ACPI: Added _OSI(Linux-Lenovo-NV-HDMI-Audio)
[    0.440014] ACPI: Added _OSI(Linux-HPI-Hybrid-Graphics)
[    0.445143] ACPI: Executed 1 blocks of module-level executable AML code
[    0.457631] ACPI: Interpreter enabled
[    0.460030] ACPI: (supports S0 S5)
[    0.464007] ACPI: Using IOAPIC for interrupt routing
[    0.468943] PCI: Using host bridge windows from ACPI; if necessary, use "pci=nocrs" and report a bug
[    0.472339] ACPI: Enabled 2 GPEs in block 00 to 07
[    0.492639] ACPI: PCI Root Bridge [PCI0] (domain 0000 [bus 00-ff])
[    0.496019] acpi PNP0A03:00: _OSC: OS supports [ASPM ClockPM Segments MSI]
[    0.501346] acpi PNP0A03:00: _OSC: not requesting OS control; OS requires [ExtendedConfig ASPM ClockPM MSI]
[    0.504029] acpi PNP0A03:00: fail to add MMCONFIG information, can't access extended PCI configuration space under this bridge.
[    0.513107] PCI host bridge to bus 0000:00
[    0.516009] pci_bus 0000:00: root bus resource [io  0x0000-0x0cf7 window]
[    0.520010] pci_bus 0000:00: root bus resource [io  0x0d00-0xffff window]
[    0.524010] pci_bus 0000:00: root bus resource [mem 0x000a0000-0x000bffff window]
[    0.528010] pci_bus 0000:00: root bus resource [mem 0x40000000-0xfdffffff window]
[    0.532014] pci_bus 0000:00: root bus resource [bus 00-ff]
[    0.542904] pci 0000:00:01.1: legacy IDE quirk: reg 0x10: [io  0x01f0-0x01f7]
[    0.544010] pci 0000:00:01.1: legacy IDE quirk: reg 0x14: [io  0x03f6]
[    0.548011] pci 0000:00:01.1: legacy IDE quirk: reg 0x18: [io  0x0170-0x0177]
[    0.552009] pci 0000:00:01.1: legacy IDE quirk: reg 0x1c: [io  0x0376]
[    0.644567] pci 0000:00:07.0: quirk: [io  0x4000-0x403f] claimed by PIIX4 ACPI
[    0.668047] pci 0000:00:07.0: quirk: [io  0x4100-0x410f] claimed by PIIX4 SMB
[    0.705299] ACPI: PCI Interrupt Link [LNKA] (IRQs 5 9 10 *11)
[    0.724808] ACPI: PCI Interrupt Link [LNKB] (IRQs 5 9 *10 11)
[    0.744278] ACPI: PCI Interrupt Link [LNKC] (IRQs 5 *9 10 11)
[    0.760318] ACPI: PCI Interrupt Link [LNKD] (IRQs 5 9 10 *11)
[    0.784925] SCSI subsystem initialized
[    0.796352] pci 0000:00:02.0: vgaarb: setting as boot VGA device
[    0.800000] pci 0000:00:02.0: vgaarb: VGA device added: decodes=io+mem,owns=io+mem,locks=none
[    0.844013] pci 0000:00:02.0: vgaarb: bridge control possible
[    0.864009] vgaarb: loaded
[    0.872139] ACPI: bus type USB registered
[    0.888082] usbcore: registered new interface driver usbfs
[    0.904025] usbcore: registered new interface driver hub
[    0.920026] usbcore: registered new device driver usb
[    0.936245] EDAC MC: Ver: 3.0.0
[    0.956066] PCI: Using ACPI for IRQ routing
[    0.968731] NetLabel: Initializing
[    0.980006] NetLabel:  domain hash size = 128
[    0.992004] NetLabel:  protocols = UNLABELED CIPSOv4 CALIPSO
[    1.012082] NetLabel:  unlabeled traffic allowed by default
[    1.032009] clocksource: Switched to clocksource kvm-clock
[    1.132787] VFS: Disk quotas dquot_6.6.0
[    1.138647] VFS: Dquot-cache hash table entries: 512 (order 0, 4096 bytes)
[    1.149911] AppArmor: AppArmor Filesystem Enabled
[    1.157545] pnp: PnP ACPI init
[    1.164592] pnp: PnP ACPI: found 3 devices
[    1.181015] clocksource: acpi_pm: mask: 0xffffff max_cycles: 0xffffff, max_idle_ns: 2085701024 ns
[    1.195564] NET: Registered protocol family 2
[    1.204591] TCP established hash table entries: 8192 (order: 4, 65536 bytes)
[    1.214818] TCP bind hash table entries: 8192 (order: 5, 131072 bytes)
[    1.225609] TCP: Hash tables configured (established 8192 bind 8192)
[    1.236406] UDP hash table entries: 512 (order: 2, 16384 bytes)
[    1.244492] UDP-Lite hash table entries: 512 (order: 2, 16384 bytes)
[    1.254010] NET: Registered protocol family 1
[    1.261201] pci 0000:00:00.0: Limiting direct PCI/PCI transfers
[    1.270721] pci 0000:00:01.0: Activating ISA DMA hang workarounds
[    1.280644] pci 0000:00:02.0: Video device with shadowed ROM at [mem 0x000c0000-0x000dffff]
[    1.294161] Unpacking initramfs...
[    2.360383] Freeing initrd memory: 19224K
[    2.370059] clocksource: tsc: mask: 0xffffffffffffffff max_cycles: 0x2135f5e6f15, max_idle_ns: 440795231538 ns
[    2.386500] platform rtc_cmos: registered platform RTC device (no PNP device found)
[    2.399728] Scanning for low memory corruption every 60 seconds
[    2.413677] Initialise system trusted keyrings
[    2.422251] Key type blacklist registered
[    2.429726] workingset: timestamp_bits=36 max_order=18 bucket_order=0
[    2.447997] zbud: loaded
[    2.458134] squashfs: version 4.0 (2009/01/31) Phillip Lougher
[    2.470265] fuse init (API version 7.26)
[    2.519998] Key type asymmetric registered
[    2.526766] Asymmetric key parser 'x509' registered
[    2.535529] Block layer SCSI generic (bsg) driver version 0.4 loaded (major 246)
[    2.547423] io scheduler noop registered
[    2.555414] io scheduler deadline registered
[    2.562051] io scheduler cfq registered (default)
[    2.571241] ACPI: AC Adapter [AC] (on-line)
[    2.577735] input: Power Button as /devices/LNXSYSTM:00/LNXPWRBN:00/input/input0
[    2.589782] ACPI: Power Button [PWRF]
[    2.594779] input: Sleep Button as /devices/LNXSYSTM:00/LNXSLPBN:00/input/input1
[    2.608458] ACPI: Sleep Button [SLPF]
[    2.618000] Serial: 8250/16550 driver, 32 ports, IRQ sharing enabled
[    2.619403] ACPI: Battery Slot [BAT0] (battery present)
[    2.673238] 00:02: ttyS0 at I/O 0x3f8 (irq = 4, base_baud = 115200) is a 16550A
[    2.687263] Linux agpgart interface v0.103
[    2.707786] loop: module loaded
[    2.717291] scsi host0: ata_piix
[    2.724395] scsi host1: ata_piix
[    2.728145] ata1: PATA max UDMA/33 cmd 0x1f0 ctl 0x3f6 bmdma 0xd000 irq 14
[    2.739038] ata2: PATA max UDMA/33 cmd 0x170 ctl 0x376 bmdma 0xd008 irq 15
[    2.746998] libphy: Fixed MDIO Bus: probed
[    2.754212] tun: Universal TUN/TAP device driver, 1.6
[    2.762773] PPP generic driver version 2.4.2
[    2.770568] ehci_hcd: USB 2.0 'Enhanced' Host Controller (EHCI) Driver
[    2.779391] ehci-pci: EHCI PCI platform driver
[    2.786451] ehci-platform: EHCI generic platform driver
[    2.792966] ohci_hcd: USB 1.1 'Open' Host Controller (OHCI) Driver
[    2.801345] ohci-pci: OHCI PCI platform driver
[    2.805277] ohci-platform: OHCI generic platform driver
[    2.814720] uhci_hcd: USB Universal Host Controller Interface driver
[    2.824253] i8042: PNP: PS/2 Controller [PNP0303:PS2K,PNP0f03:PS2M] at 0x60,0x64 irq 1,12
[    2.840733] serio: i8042 KBD port at 0x60,0x64 irq 1
[    2.847942] serio: i8042 AUX port at 0x60,0x64 irq 12
[    2.856664] mousedev: PS/2 mouse device common for all mice
[    2.868824] rtc_cmos rtc_cmos: rtc core: registered rtc_cmos as rtc0
[    2.880025] rtc_cmos rtc_cmos: alarms up to one day, 114 bytes nvram
[    2.890456] i2c /dev entries driver
[    2.896896] device-mapper: uevent: version 1.0.3
[    2.905009] input: AT Translated Set 2 keyboard as /devices/platform/i8042/serio0/input/input2
[    2.918917] device-mapper: ioctl: 4.37.0-ioctl (2017-09-20) initialised: dm-devel@redhat.com
[    2.944739] ledtrig-cpu: registered to indicate activity on CPUs
[    2.952632] NET: Registered protocol family 10
[    2.963552] Segment Routing with IPv6
[    2.970886] NET: Registered protocol family 17
[    2.979833] Key type dns_resolver registered
[    2.990379] mce: Using 0 MCE banks
[    2.994707] RAS: Correctable Errors collector initialized.
[    3.002444] sched_clock: Marking stable (3002297525, 0)->(4296916276, -1294618751)
[    3.020044] registered taskstats version 1
[    3.026795] Loading compiled-in X.509 certificates
[    3.042129] Loaded X.509 cert 'Build time autogenerated kernel key: f44537957b99d83206ce3e6a27744bf062e80295'
[    3.055567] zswap: loaded using pool lzo/zbud
[    3.084431] Key type big_key registered
[    3.091085] Key type trusted registered
[    3.105949] Key type encrypted registered
[    3.111887] AppArmor: AppArmor sha1 policy hashing enabled
[    3.119921] ima: No TPM chip found, activating TPM-bypass! (rc=-19)
[    3.128973] ima: Allocated hash algorithm: sha1
[    3.134371] evm: HMAC attrs: 0x1
[    3.139067]   Magic number: 1:575:510
[    3.148296] rtc_cmos rtc_cmos: setting system clock to 2021-04-12 02:32:11 UTC (1618194731)
[    3.166381] BIOS EDD facility v0.16 2004-Jun-25, 0 devices found
[    3.175492] EDD information not available.
[    3.189658] Freeing unused kernel image memory: 2440K
[    3.226945] Write protecting the kernel read-only data: 20480k
[    3.238659] Freeing unused kernel image memory: 2008K
[    3.248146] Freeing unused kernel image memory: 1868K
[    3.262926] x86/mm: Checked W+X mappings: passed, no W+X pages found.
[    3.269816] x86/mm: Checking user space page tables
[    3.282376] x86/mm: Checked W+X mappings: passed, no W+X pages found.
Loading, please wait...
starting version 237
[    3.460694] Fusion MPT base driver 3.04.20
[    3.465736] Copyright (c) 1999-2008 LSI Corporation
[    3.513854] e1000: Intel(R) PRO/1000 Network Driver - version 7.3.21-k8-NAPI
[    3.525902] e1000: Copyright (c) 1999-2006 Intel Corporation.
[    3.556731] Fusion MPT SPI Host driver 3.04.20
[    3.749145] input: ImExPS/2 Generic Explorer Mouse as /devices/platform/i8042/serio1/input/input4
[    4.518434] e1000 0000:00:03.0 eth0: (PCI:33MHz:32-bit) 02:05:85:8a:28:11
[    4.528438] e1000 0000:00:03.0 eth0: Intel(R) PRO/1000 Network Connection
[    4.541432] mptbase: ioc0: Initiating bringup
[    4.549504] e1000 0000:00:03.0 enp0s3: renamed from eth0
[    4.670309] ioc0: LSI53C1030 A0: Capabilities={Initiator}
[    4.947871] scsi host2: ioc0: LSI53C1030 A0, FwRev=00000000h, Ports=1, MaxQ=256, IRQ=20
[    5.133628] scsi 2:0:0:0: Direct-Access     VBOX     HARDDISK         1.0  PQ: 0 ANSI: 5
[    5.180297] scsi target2:0:0: Beginning Domain Validation
[    5.202267] scsi target2:0:0: Domain Validation skipping write tests
[    5.211759] scsi target2:0:0: Ending Domain Validation
[    5.220774] scsi target2:0:0: asynchronous
[    5.229103] random: fast init done
[    5.235636] scsi 2:0:1:0: Direct-Access     VBOX     HARDDISK         1.0  PQ: 0 ANSI: 5
[    5.276098] scsi target2:0:1: Beginning Domain Validation
[    5.297003] scsi target2:0:1: Domain Validation skipping write tests
[    5.305669] scsi target2:0:1: Ending Domain Validation
[    5.314015] scsi target2:0:1: asynchronous
[    5.343421] sd 2:0:0:0: Attached scsi generic sg0 type 0
[    5.345259] random: systemd-udevd: uninitialized urandom read (16 bytes read)
[    5.362815] random: systemd-udevd: uninitialized urandom read (16 bytes read)
[    5.362987] sd 2:0:0:0: [sda] 83886080 512-byte logical blocks: (42.9 GB/40.0 GiB)
[    5.370378] random: systemd-udevd: uninitialized urandom read (16 bytes read)
[    5.394335] sd 2:0:1:0: Attached scsi generic sg1 type 0
[    5.395266] sd 2:0:0:0: [sda] Write Protect is off
[    5.411441] sd 2:0:1:0: [sdb] 20480 512-byte logical blocks: (10.5 MB/10.0 MiB)
[    5.412391] sd 2:0:0:0: [sda] Incomplete mode parameter data
[    5.433339] sd 2:0:0:0: [sda] Assuming drive cache: write through
[    5.433552] sd 2:0:1:0: [sdb] Write Protect is off
[    5.453410]  sda: sda1
[    5.453588] sd 2:0:1:0: [sdb] Incomplete mode parameter data
[    5.462716] sd 2:0:0:0: [sda] Attached SCSI disk
[    5.470207] sd 2:0:1:0: [sdb] Assuming drive cache: write through
[    5.509860] sd 2:0:1:0: [sdb] Attached SCSI disk
Begin: Loading essential drivers ... [    9.187592] raid6: sse2x1   gen() 120789 MB/s
[   10.180713] raid6: sse2x1   xor() 125113 MB/s
[   11.190226] raid6: sse2x2   gen() 195192 MB/s
[   12.188469] raid6: sse2x2   xor() 141010 MB/s
[   13.190887] raid6: sse2x4   gen() 233234 MB/s
[   14.226108] raid6: sse2x4   xor()  6763 MB/s
[   14.233226] raid6: using algorithm sse2x4 gen() 233234 MB/s
[   14.240373] raid6: .... xor() 6763 MB/s, rmw enabled
[   14.246734] raid6: using ssse3x2 recovery algorithm
[   14.258980] xor: measuring software checksum speed
[   14.304200]    prefetch64-sse: 11436.000 MB/sec
[   14.348163]    generic_sse: 10836.000 MB/sec
[   14.354354] xor: using function: prefetch64-sse (11436.000 MB/sec)
[   14.367693] async_tx: api initialized (async)
done.
Begin: Running /scripts/init-premount ... done.
Begin: Mounting root file system ... Begin: Running /scripts/local-top ... done.
Begin: Running /scripts/local-premount ... [   14.476880] Btrfs loaded, crc32c=crc32c-intel
Scanning for Btrfs filesystems
done.
Warning: fsck not present, so skipping root file system
[   14.567923] EXT4-fs (sda1): mounted filesystem with ordered data mode. Opts: (null)
done.
Begin: Running /scripts/local-bottom ... done.
Begin: Running /scripts/init-bottom ... done.
[   14.922464] ip_tables: (C) 2000-2006 Netfilter Core Team
[   14.954130] systemd[1]: systemd 237 running in system mode. (+PAM +AUDIT +SELINUX +IMA +APPARMOR +SMACK +SYSVINIT +UTMP +LIBCRYPTSETUP +GCRYPT +GNUTLS +ACL +XZ +LZ4 +SECCOMP +BLKID +ELFUTILS +KMOD -IDN2 +IDN -PCRE2 default-hierarchy=hybrid)
[   14.982838] systemd[1]: Detected virtualization oracle.
[   14.990264] systemd[1]: Detected architecture x86-64.

Welcome to [1mUbuntu 18.04.5 LTS[0m!

[   15.045638] systemd[1]: Set hostname to <ubuntu>.
[   15.065798] systemd[1]: Initializing machine ID from random generator.
[   15.074891] systemd[1]: Installed transient /etc/machine-id file.
[   15.713355] systemd[1]: Reached target User and Group Name Lookups.
[[0;32m  OK  [0m] Reached target User and Group Name Lookups.
[   15.729353] systemd[1]: Reached target System Time Synchronized.
[[0;32m  OK  [0m] Reached target System Time Synchronized.
[   15.761738] systemd[1]: Created slice User and Session Slice.
[[0;32m  OK  [0m] Created slice User and Session Slice.
[   15.776474] systemd[1]: Created slice System Slice.
[[0;32m  OK  [0m] Created slice System Slice.
[[0;32m  OK  [0m] Listening on fsck to fsckd communication Socket.
[[0;32m  OK  [0m] Listening on Journal Socket.
         Mounting Huge Pages File System...
[[0;32m  OK  [0m] Listening on /dev/initctl Compatibility Named Pipe.
[[0;32m  OK  [0m] Listening on LVM2 poll daemon socket.
         Starting Uncomplicated firewall...
[[0;32m  OK  [0m] Listening on udev Kernel Socket.
[[0;32m  OK  [0m] Listening on Network Service Netlink Socket.
[[0;32m  OK  [0m] Reached target Slices.
[[0;32m  OK  [0m] Created slice system-serial\x2dgetty.slice.
         Starting Load Kernel Modules...
         Starting File System Check on Root Device...
[[0;32m  OK  [0m] Listening on udev Control Socket.
         Mounting Kernel Debug File System...
[[0;32m  OK  [0m] Started Forward Password Requests to Wall Directory Watch.
         Starting udev Coldplug all Devices...
         Starting Create list of required stâ€¦ce nodes for the current kernel...
[[0;32m  OK  [0m] Reached target Swap.
         Starting Set the console keyboard layout...
[[0;32m  OK  [0m] Listening on LVM2 metadata daemon socket.
         Mounting POSIX Message Queue File System...
[[0;32m  OK  [0m] Listening on Journal Audit Socket.
[[0;32m  OK  [0m] Listening on Device-mapper event daemon FIFOs.
[   15.937770] Loading iSCSI transport class v2.0-870.
         Starting Monitoring of LVM2 mirrorsâ€¦ng dmeventd or progress polling...
[[0;32m  OK  [0m] Set up automount Arbitrary Executabâ€¦rmats File System Automount Point.
[[0;32m  OK  [0m] Listening on Journal Socket (/dev/log).
[[0;32m  OK  [0m] Listening on Syslog Socket.
         Starting Journal Service...
[   16.027622] iscsi: registered transport (tcp)
[[0;32m  OK  [0m] Mounted Huge Pages File System.
[[0;32m  OK  [0m] Started Uncomplicated firewall.
[[0;32m  OK  [0m] Started File System Check on Root Device.
[[0;32m  OK  [0m] Mounted Kernel Debug File System.
[[0;32m  OK  [0m] Started Create list of required staâ€¦vice nodes for the current kernel.
[[0;32m  OK  [0m] Mounted POSIX Message Queue File System.
[[0;32m  OK  [0m] Started File System Check Daemon to report status.
         Starting Create Static Device Nodes in /dev...
         Starting Remount Root and Kernel File Systems...
[[0;32m  OK  [0m] Started Journal Service.
[[0;32m  OK  [0m] Started udev Coldplug all Devices.
[   16.320919] EXT4-fs (sda1): re-mounted. Opts: (null)
[   16.338523] iscsi: registered transport (iser)
[[0;32m  OK  [0m] Started Remount Root and Kernel File Systems.
[[0;32m  OK  [0m] Started LVM2 metadata daemon.
         Starting Flush Journal to Persistent Storage...
         Starting Load/Save Random Seed...
[[0;32m  OK  [0m] Started Load Kernel Modules.
[[0;32m  OK  [0m] Started Set the console keyboard layout.
[[0;32m  OK  [0m] Started Monitoring of LVM2 mirrors,â€¦sing dmeventd or progress polling.
[[0;32m  OK  [0m] Started Create Static Device Nodes in /dev.
[[0;32m  OK  [0m] Started Load/Save Random Seed.
[   16.531045] systemd-journald[387]: Received request to flush runtime journal from PID 1
         Starting udev Kernel Device Manager...
[[0;32m  OK  [0m] Reached target Local File Systems (Pre).
[[0;32m  OK  [0m] Reached target Local File Systems.
         Starting Set console font and keymap...
         Starting AppArmor initialization...
         Starting ebtables ruleset management...
         Starting Commit a transient machine-id on disk...
         Starting Tell Plymouth To Write Out Runtime Data...
         Starting Apply Kernel Variables...
         Mounting FUSE Control File System...
         Mounting Kernel Configuration File System...
[[0;32m  OK  [0m] Started Flush Journal to Persistent Storage.
[[0;32m  OK  [0m] Started Set console font and keymap.
[[0;32m  OK  [0m] Mounted FUSE Control File System.
[[0;32m  OK  [0m] Mounted Kernel Configuration File System.
[[0;32m  OK  [0m] Started udev Kernel Device Manager.
[[0;32m  OK  [0m] Started Dispatch Password Requests to Console Directory Watch.
[[0;32m  OK  [0m] Reached target Local Encrypted Volumes.
         Starting Create Volatile Files and Directories...
[[0;32m  OK  [0m] Started Tell Plymouth To Write Out Runtime Data.
[[0;32m  OK  [0m] Started Create Volatile Files and Directories.
         Starting Update UTMP about System Boot/Shutdown...
[[0;32m  OK  [0m] Started Apply Kernel Variables.
[[0;32m  OK  [0m] Started Commit a transient machine-id on disk.
[[0;32m  OK  [0m] Started Update UTMP about System Boot/Shutdown.
[[0;32m  OK  [0m] Started ebtables ruleset management.
[[0;32m  OK  [0m] Found device /dev/ttyS0.
[[0;32m  OK  [0m] Listening on Load/Save RF Kill Switch Status /dev/rfkill Watch.
[[0;32m  OK  [0m] Started AppArmor initialization.
         Starting Initial cloud-init job (pre-networking)...
         Starting Load AppArmor profiles managed internally by snapd...
[[0;32m  OK  [0m] Started Load AppArmor profiles managed internally by snapd.
[   21.587787] cloud-init[533]: Cloud-init v. 20.4.1-0ubuntu1~18.04.1 running 'init-local' at Mon, 12 Apr 2021 02:32:29 +0000. Up 20.87 seconds.
[[0;32m  OK  [0m] Started Initial cloud-init job (pre-networking).
[[0;32m  OK  [0m] Reached target Network (Pre).
         Starting Network Service...
[[0;32m  OK  [0m] Started Network Service.
         Starting Wait for Network to be Configured...
         Starting Network Name Resolution...
[[0;32m  OK  [0m] Started Network Name Resolution.
[[0;32m  OK  [0m] Reached target Host and Network Name Lookups.
[[0;32m  OK  [0m] Reached target Network.
[[0;32m  OK  [0m] Started Wait for Network to be Configured.
         Starting Initial cloud-init job (metadata service crawler)...
[   23.744297] cloud-init[644]: Cloud-init v. 20.4.1-0ubuntu1~18.04.1 running 'init' at Mon, 12 Apr 2021 02:32:31 +0000. Up 23.46 seconds.
[   23.753011] cloud-init[644]: ci-info: +++++++++++++++++++++++++++++++++++++Net device info++++++++++++++++++++++++++++++++++++++
[   23.760748] cloud-init[644]: ci-info: +--------+------+---------------------------+---------------+--------+-------------------+
[   23.768593] cloud-init[644]: ci-info: | Device |  Up  |          Address          |      Mask     | Scope  |     Hw-Address    |
[   23.774855] cloud-init[644]: ci-info: +--------+------+---------------------------+---------------+--------+-------------------+
[   23.780625] cloud-init[644]: ci-info: | enp0s3 | True |         10.0.2.15         | 255.255.255.0 | global | 02:05:85:8a:28:11 |
[   23.786735] cloud-init[644]: ci-info: | enp0s3 | True | fe80::5:85ff:fe8a:2811/64 |       .       |  link  | 02:05:85:8a:28:11 |
[   23.793277] cloud-init[644]: ci-info: |   lo   | True |         127.0.0.1         |   255.0.0.0   |  host  |         .         |
[   23.799087] cloud-init[644]: ci-info: |   lo   | True |          ::1/128          |       .       |  host  |         .         |
[   23.807326] cloud-init[644]: ci-info: +--------+------+---------------------------+---------------+--------+-------------------+
[   23.814659] cloud-init[644]: ci-info: ++++++++++++++++++++++++++++Route IPv4 info+++++++++++++++++++++++++++++
[   23.821075] cloud-init[644]: ci-info: +-------+-------------+----------+-----------------+-----------+-------+
[   23.826733] cloud-init[644]: ci-info: | Route | Destination | Gateway  |     Genmask     | Interface | Flags |
[   23.836053] cloud-init[644]: ci-info: +-------+-------------+----------+-----------------+-----------+-------+
[   23.841771] cloud-init[644]: ci-info: |   0   |   0.0.0.0   | 10.0.2.2 |     0.0.0.0     |   enp0s3  |   UG  |
[   23.847851] cloud-init[644]: ci-info: |   1   |   10.0.2.0  | 0.0.0.0  |  255.255.255.0  |   enp0s3  |   U   |
[   23.853748] cloud-init[644]: ci-info: |   2   |   10.0.2.2  | 0.0.0.0  | 255.255.255.255 |   enp0s3  |   UH  |
[   23.858847] cloud-init[644]: ci-info: +-------+-------------+----------+-----------------+-----------+-------+
[   23.864909] cloud-init[644]: ci-info: +++++++++++++++++++Route IPv6 info+++++++++++++++++++
[   23.870822] cloud-init[644]: ci-info: +-------+-------------+---------+-----------+-------+
[   23.876490] cloud-init[644]: ci-info: | Route | Destination | Gateway | Interface | Flags |
[   23.882211] cloud-init[644]: ci-info: +-------+-------------+---------+-----------+-------+
[   23.887615] cloud-init[644]: ci-info: |   1   |  fe80::/64  |    ::   |   enp0s3  |   U   |
[   23.893233] cloud-init[644]: ci-info: |   3   |    local    |    ::   |   enp0s3  |   U   |
[   23.898556] cloud-init[644]: ci-info: |   4   |   ff00::/8  |    ::   |   enp0s3  |   U   |
[   23.903727] cloud-init[644]: ci-info: +-------+-------------+---------+-----------+-------+
[   25.718982] cloud-init[644]: Generating public/private rsa key pair.
[   25.722942] cloud-init[644]: Your identification has been saved in /etc/ssh/ssh_host_rsa_key.
[   25.727767] cloud-init[644]: Your public key has been saved in /etc/ssh/ssh_host_rsa_key.pub.
[   25.732576] cloud-init[644]: The key fingerprint is:
[   25.735216] cloud-init[644]: SHA256:VSbtcatnqT3Gw2o5R/tKfQPUv6tzdnz0evOouTNafig root@ubuntu-bionic
[   25.740174] cloud-init[644]: The key's randomart image is:
[   25.748065] cloud-init[644]: +---[RSA 2048]----+
[   25.756988] cloud-init[644]: |          ..o    |
[   25.766556] cloud-init[644]: |           +o o  |
[   25.777957] cloud-init[644]: |          .. + o |
[   25.791157] cloud-init[644]: |         .  o . .|
[   25.801079] cloud-init[644]: |        S    o ..|
[   25.809693] cloud-init[644]: |            . *.o|
[   25.818542] cloud-init[644]: |            .@.*+|
[   25.827522] cloud-init[644]: |          EoO+@=X|
[   25.836943] cloud-init[644]: |          .+*%OOB|[[0;32m  OK  [0m] Started Initial cloud-init job (metadata service crawler).
[[0;32m  OK  [0m] Reached target System Initialization.
[[0;32m  OK  [0m] Started Message of the Day.
[[0;32m  OK  [0m] Listening on UUID daemon activation socket.

         Starting LXD - unix socket.
[   25.861195] cloud-init[644]: +----[SHA256]-----+
[   25.866770] cloud-init[644]: Generating public/private dsa key pair.
[[0;32m  OK  [0m] Started ACPI Events Check.
         Starting Socket activation for snappy daemon.
[[0;32m  OK  [0m] Reached target Paths.
[[0;32m  OK  [0m] Started Daily Cleanup of Temporary Directories.
[[0;32m  OK  [0m] Listening on ACPID Listen Socket.
[[0;32m  OK  [0m] Listening on D-Bus System Message Bus Socket.
[[0;32m  OK  [0m] Started Daily apt download activities.
[[0;32m  OK  [0m] Started Discard unused blocks once a week.
[[0;32m  OK  [0m] Started Daily apt upgrade and clean activities.
[[0;32m  OK  [0m] Reached target Timers.
[[0;32m  OK  [0m] Listening on Open-iSCSI iscsid Socket.
[[0;32m  OK  [0m] Reached target Network is Online.
[   25.876300] cloud-init[644]: Your identification has been saved in /etc/ssh/ssh_host_dsa_key.
[[0;32m  OK  [0m] Reached target Remote File Systems (Pre).
[[0;32m  OK  [0m] Reached target Remote File Systems.
[   25.942023] cloud-init[644]:          Starting Availability of block devices...
[[0;32m  OK  [0m] Reached target Cloud-config availability.
[[0;32m  OK  [0m] Listening on LXD - unix socket.
[[0;32m  OK  [0m] Listening on Socket activation for snappy daemon.
[[0;32m  OK  [0m] Started Availability of block devices.
[[0;32m  OK  [0m] Reached target Sockets.
[[0;32m  OK  [0m] Reached target Basic System.
         Starting System Logging Service...
         Starting LXD - container startup/shutdown...
         Starting LSB: automatic crash report generation...
[[0;32m  OK  [0m] Started Deferred execution scheduler.
         Starting Permit User Sessions...
Your public key has been saved in /etc/ssh/ssh_host_dsa_key.pub.[[0;32m  OK  [0m] Started FUSE filesystem for LXC.

[   26.008984] cloud-init[644]: The key fingerprint is:
[   26.013241] cloud-init[644]: SHA256:qK32QFE2g7cs7ajySlJb8Ymk/E4eiXjwnD1piSw13+Y root@ubuntu-bionic
[   26.023383] cloud-init[644]: The key's randomart image is:
[   26.030887] cloud-init[644]: +---[DSA 1024]----+
[   26.037635] cloud-init[644]: |     .=          |
[   26.051169] cloud-init[644]: |    .o.o         |
[   26.065395] cloud-init[644]: |    ++ .         |
[   26.076730] cloud-init[644]: | . o.=+o         |
[   26.086903] cloud-init[644]: |. * +++ S        |
[   26.094057] cloud-init[644]: | O %.B.          |
[   26.098655] cloud-init[644]: |+.X.# +          |
[   26.103135] cloud-init[644]: |+o.=.B           |
[   26.110514] cloud-init[644]: |.+..+.E          |
[   26.115985] cloud-init[644]: +----[SHA256]-----+
[   26.121108] cloud-init[644]: Generating public/private ecdsa key pair.
[   26.144774] cloud-init[644]: Your identification has been saved in /etc/ssh/ssh_host_ecdsa_key.
[   26.190445] cloud-init[644]: Your public key has been saved in /etc/ssh/ssh_host_ecdsa_key.pub.
[   26.214278] cloud-init         Starting Snap Daemon...
[644]: The key fingerprint is:         Starting Virtualbox guest utils...

[   26.249028] cloud-init[644]: SHA256:xj7pFKdlRJOl1gUoBHg5nFHV5csmRoNpu+2l9xpTtgA root@ubuntu-bionic
[   26.263552] cloud-init[644]: The key's randomart image is:
[   26.289947] cloud-init[644]: +---[ECDSA 256]---+
[   26.310597] cloud-init[644]: |     ooBo.+=ooo  |
[   26.330724] cloud-init[644]: |    . * ..o*.o   |
[   26.354626]          Starting Pollinate to seed the pseudo random number generator...
cloud-init[644]: |     . . .BE+ .  |
[   26.382978] cloud-init[644]: |       . + o.o . |
[   26.397069] cloud-init[644]: [[0;32m  OK  [0m] Started Regular background program processing daemon.
         Starting LSB: Record successful boot for GRUB...
|        S = o.+ o|[[0;32m  OK  [0m] Started D-Bus System Message Bus.

[   26.435189] cloud-init[644]: |       o B + o.o.|
[   26.460156] cloud-init[644]: |        * . . +. |
[   26.482373] cloud-init[644]: |       o . . o.o |
[   26.520342] cloud-init[644]: |        .   o..o.|
[   26.553499] cloud-init[644]: +----[SHA256]-----+
[   26.574871] cloud-init[644]: Generating public/private ed25519 key pair.
[   26.604662] cloud-init[644]: Your identification has been saved in /etc/ssh/ssh_host_ed25519_key.
[   26.619851] cloud-init[644]: Your public key has been saved in /etc/ssh/ssh_host_ed25519_key.pub.
[   26.639628] cloud-init[644]: The key fingerprint is:
[   26.657072] cloud-init[644]: SHA256:eykI+nvRA7C7jHcGDMu6YXJw62oDYbB6wCq+FqDVMaE root@ubuntu-bionic
[   26.673699] cloud-init[644]: The key's randomart image is:
[   26.694343] cloud-init[644]: +--[ED25519 256]--+
[   26.709601] cloud-init[644]: |    ..           |
[   26.723460] cloud-init[644]: |.  .+            |
[   26.737169] cloud-init[644]: |o.E. =           |
[   26.749468] cloud-init[644]: |=oo o .          |
[   26.771673] cloud-init[644]: |B=.+.. oS        |
[   26.786780] cloud-init[644]: |*++o+...o. .     |
[   26.803715] cloud-init[644]: |*+=o o..o.o      |
[   26.814368] cloud-init[644]: |+O..+ +  o       |
[   26.824176] cloud-init[644]: |=++.o=           |
[   26.828923] cloud-init[644]: +----[SHA256]-----+
         Starting Accounts Service...
         Starting Login Service...
         Starting Dispatcher daemon for systemd-networkd...
[[0;32m  OK  [0m] Started irqbalance daemon.
[[0;32m  OK  [0m] Started System Logging Service.
[[0;32m  OK  [0m] Started LXD - container startup/shutdown.
[[0;32m  OK  [0m] Started Permit User Sessions.
[[0;32m  OK  [0m] Started Login Service.
[[0;32m  OK  [0m] Started Unattended Upgrades Shutdown.
         Starting Terminate Plymouth Boot Screen...
         Starting Hold until boot process finishes up...
[[0;32m  OK  [0m] Started Hold until boot process finishes up.
         Starting Set console scheme...
[[0;32m  OK  [0m] Started Serial Getty on ttyS0.
[[0;32m  OK  [0m] Started Set console scheme.
[[0;32m  OK  [0m] Created slice system-getty.slice.
[[0;32m  OK  [0m] Started Getty on tty1.
[[0;32m  OK  [0m] Reached target Login Prompts.
         Starting Authorization Manager...
[[0;32m  OK  [0m] Started Terminate Plymouth Boot Screen.
[[0;32m  OK  [0m] Started LSB: automatic crash report generation.
[[0;32m  OK  [0m] Started Authorization Manager.
[[0;32m  OK  [0m] Started LSB: Record successful boot for GRUB.
[[0;32m  OK  [0m] Started Accounts Service.
[[0;32m  OK  [0m] Started Virtualbox guest utils.
[[0;32m  OK  [0m] Started Dispatcher daemon for systemd-networkd.
[[0;32m  OK  [0m] Started Snap Daemon.
         Starting Wait until snapd is fully seeded...
[[0;32m  OK  [0m] Started Pollinate to seed the pseudo random number generator.
         Starting OpenBSD Secure Shell server...
[[0;32m  OK  [0m] Started OpenBSD Secure Shell server.
[[0;32m  OK  [0m] Created slice User Slice of vagrant.
         Starting User Manager for UID 1000...
[[0;32m  OK  [0m] Started Session 1 of user vagrant.
[[0;32m  OK  [0m] Started User Manager for UID 1000.

Ubuntu 18.04.5 LTS ubuntu-bionic ttyS0

ubuntu-bionic login: [   36.454898] cloud-init[1161]: Cloud-init v. 20.4.1-0ubuntu1~18.04.1 running 'modules:config' at Mon, 12 Apr 2021 02:32:43 +0000. Up 35.45 seconds.
ci-info: no authorized SSH keys fingerprints found for user ubuntu.
<14>Apr 12 02:32:46 ec2: 
<14>Apr 12 02:32:46 ec2: #############################################################
<14>Apr 12 02:32:46 ec2: -----BEGIN SSH HOST KEY FINGERPRINTS-----
<14>Apr 12 02:32:46 ec2: 1024 SHA256:qK32QFE2g7cs7ajySlJb8Ymk/E4eiXjwnD1piSw13+Y root@ubuntu-bionic (DSA)
<14>Apr 12 02:32:46 ec2: 256 SHA256:xj7pFKdlRJOl1gUoBHg5nFHV5csmRoNpu+2l9xpTtgA root@ubuntu-bionic (ECDSA)
<14>Apr 12 02:32:46 ec2: 256 SHA256:eykI+nvRA7C7jHcGDMu6YXJw62oDYbB6wCq+FqDVMaE root@ubuntu-bionic (ED25519)
<14>Apr 12 02:32:46 ec2: 2048 SHA256:VSbtcatnqT3Gw2o5R/tKfQPUv6tzdnz0evOouTNafig root@ubuntu-bionic (RSA)
<14>Apr 12 02:32:46 ec2: -----END SSH HOST KEY FINGERPRINTS-----
<14>Apr 12 02:32:46 ec2: #############################################################
-----BEGIN SSH HOST KEY KEYS-----
ecdsa-sha2-nistp256 AAAAE2VjZHNhLXNoYTItbmlzdHAyNTYAAAAIbmlzdHAyNTYAAABBBG7lDYKZB2OqHG7SgQWdUt5IZsFzJt0y/NWr218A/dwYTnxaWFk76LHIrK8IUTJW2g+j3s8oN95IMWj+yhFS5Zs= root@ubuntu-bionic
ssh-ed25519 AAAAC3NzaC1lZDI1NTE5AAAAIKtxGb/vSSp/4TvRBWqNs88y6Roe/QPF+erUD3GEiDRQ root@ubuntu-bionic
ssh-rsa AAAAB3NzaC1yc2EAAAADAQABAAABAQD71ky/L+hLYjFCF2tsXRfUeEJTpCBR9B8wjpUuFS1SQKcw7QbhrFnDF+J414w7o9LRk7TXlIZPZDgnk4rK8jcRiJDPABeoiQODvbuwZ7sCyCNxFTfoqtv8nmq3PGrk4Q6mLT6qkaYHfu3qanxPPp3Gh9Bc9TpmzMxJ6WOCVEJefp9QzmU5AT0LU0ZdEQPZur2Q26y9c9Fwdj3/SjtalWhQSMLY3edeT+WBL4dwaW4FtP5qG0mnz/ZCNdpszBNT+bXI5ZkANdFUGr0SjXXXnro7p+FSH26cvtnyWMpcuM1x/PhDbwgHo3hbZxYc0+g9Ug41hg9lzU5h9hhx2vufUH9D root@ubuntu-bionic
-----END SSH HOST KEY KEYS-----
[   37.883397] cloud-init[1321]: Cloud-init v. 20.4.1-0ubuntu1~18.04.1 running 'modules:final' at Mon, 12 Apr 2021 02:32:45 +0000. Up 37.46 seconds.
[   37.883644] cloud-init[1321]: ci-info: no authorized SSH keys fingerprints found for user ubuntu.
[   37.883771] cloud-init[1321]: Cloud-init v. 20.4.1-0ubuntu1~18.04.1 finished at Mon, 12 Apr 2021 02:32:46 +0000. Datasource DataSourceNoCloud [seed=/dev/sdb][dsmode=net].  Up 37.81 seconds
